[36mvite v8.0.5 [32mbuilding client environment for production...[36m[39m
[2K
transforming...Γ£ô 2186 modules transformed.
rendering chunks...
node.exe : [31mΓ£ù[39m Build failed in 
705ms
At line:1 char:1
+ & "C:\Program Files\nodejs/node.exe" 
"C:\Program Files\nodejs/node_mo ...
+ ~~~~~~~~~~~~~~~~~~~~~~~~~~~~~~~~~~~~~~~~~
~~~~~~~~~~~~~~~~~~~~~~~~~~~~
    + CategoryInfo          : NotSpecified 
   : ([31mΓ£ù[39m Build failed in 705ms  
  :String) [], RemoteException
    + FullyQualifiedErrorId : NativeComman 
   dError
 
[31merror during build:
[31mBuild failed with 1 error:

[31m[MISSING_EXPORT] Error:[0m 
"UtensilsCheck" is not exported by "node_mo
dules/lucide-react/dist/esm/lucide-react.js
".
   [38;5;246mΓò¡[0m[38;5;246mΓöÇ[0m[38
;5;246m[[0m 
src/pages/RecipeGenerator.jsx:4:35 
[38;5;246m][0m
   [38;5;246mΓöé[0m
 [38;5;246m4 Γöé[0m [38;5;249mi[0m[38;
5;249mm[0m[38;5;249mp[0m[38;5;249mo[0m
[38;5;249mr[0m[38;5;249mt[0m[38;5;249m
 [0m[38;5;249m{[0m[38;5;249m [0m[38;5
;249mL[0m[38;5;249mo[0m[38;5;249ma[0m
[38;5;249md[0m[38;5;249me[0m[38;5;249mr
[0m[38;5;249m2[0m[38;5;249m,[0m[38;5;
249m [0m[38;5;249mC[0m[38;5;249mh[0m[
38;5;249me[0m[38;5;249mf[0m[38;5;249mH
[0m[38;5;249ma[0m[38;5;249mt[0m[38;5;2
49m,[0m[38;5;249m [0m[38;5;249mC[0m[3
8;5;249ml[0m[38;5;249mo[0m[38;5;249mc[
0m[38;5;249mk[0m[38;5;249m,[0m[38;5;24
9m [0mUtensilsCheck[38;5;249m,[0m[38;5;
249m [0m[38;5;249mA[0m[38;5;249mp[0m[
38;5;249mp[0m[38;5;249ml[0m[38;5;249me
[0m[38;5;249m 
[0m[38;5;249m}[0m[38;5;249m [0m[38;5;
249mf[0m[38;5;249mr[0m[38;5;249mo[0m[
38;5;249mm[0m[38;5;249m [0m[38;5;249m"
[0m[38;5;249ml[0m[38;5;249mu[0m[38;5;2
49mc[0m[38;5;249mi[0m[38;5;249md[0m[3
8;5;249me[0m[38;5;249m-[0m[38;5;249mr[
0m[38;5;249me[0m[38;5;249ma[0m[38;5;24
9mc[0m[38;5;249mt[0m[38;5;249m"[0m[38
;5;249m;[0m
 [38;5;240m  Γöé[0m                      
             
ΓöÇΓöÇΓöÇΓöÇΓöÇΓöÇΓö¼ΓöÇΓöÇΓöÇΓöÇΓöÇΓöÇ  
 [38;5;240m  Γöé[0m                      
                   
Γò░ΓöÇΓöÇΓöÇΓöÇΓöÇΓöÇΓöÇΓöÇ Missing export
[38;5;246mΓöÇΓöÇΓöÇΓò»[0m
[31m
    at aggregateBindingErrorsIntoJsError (f
ile:///D:/SmartChefAi/client/node_modules/r
olldown/dist/shared/error-BLhcSyeg.mjs:48:1
8)
    at unwrapBindingResult (file:///D:/Smar
tChefAi/client/node_modules/rolldown/dist/s
hared/error-BLhcSyeg.mjs:18:128)
    at #build (file:///D:/SmartChefAi/clien
t/node_modules/rolldown/dist/shared/rolldow
n-build-CPrIX9V6.mjs:3313:34)
    at async buildEnvironment (file:///D:/S
martChefAi/client/node_modules/vite/dist/no
de/chunks/node.js:32939:64)
    at async Object.build (file:///D:/Smart
ChefAi/client/node_modules/vite/dist/node/c
hunks/node.js:33361:19)
    at async Object.buildApp (file:///D:/Sm
artChefAi/client/node_modules/vite/dist/nod
e/chunks/node.js:33358:153)
    at async CAC.<anonymous> (file:///D:/Sm
artChefAi/client/node_modules/vite/dist/nod
e/cli.js:778:3) {
  errors: [Getter/Setter]
}[39m
